Microchip MPLAB XC8 Compiler V2.50

Linker command line:

-W-3 \
  --edf=C:\Program Files\Microchip\xc8\v2.50\pic\dat\20240725155939_en.msgs \
  -cn -h+dist/default/production\Lab5.X.production.sym \
  --cmf=dist/default/production\Lab5.X.production.cmf -z -Q18F4550 \
  -oC:\Users\sergi\AppData\Local\Temp\xcAs23k.\driver_tmp_3.obj \
  -Mdist/default/production/Lab5.X.production.map \
  --md=C:\Users\sergi\AppData\Local\Temp\xcAs23k.\driver_tmp_0.dat -E1 \
  -ver=XC8 Compiler -ACODE=00h-07FFFh -ACONST=00h-07FFFh \
  -ASMALLCONST=0800h-08FFhx120 -AMEDIUMCONST=0800h-07FFFh -ACOMRAM=01h-05Fh \
  -AABS1=00h-07FFh -ABIGRAM=01h-07FFh -ARAM=060h-0FFh,0100h-01FFhx7 \
  -ABANK0=060h-0FFh -ABANK1=0100h-01FFh -ABANK2=0200h-02FFh \
  -ABANK3=0300h-03FFh -ABANK4=0400h-04FFh -ABANK5=0500h-05FFh \
  -ABANK6=0600h-06FFh -ABANK7=0700h-07FFh -ASFR=0F60h-0FFFh \
  -ABIGSFR=0F60h-0FFFh -ACONFIG=0300000h-030000Dh -AIDLOC=0200000h-0200007h \
  -AEEDATA=0F00000h-0F000FFh -peeprom_data=EEDATA \
  -preset_vec=00h,intcode=8h,intcodelo,powerup,init -pramtop=0800h \
  -psmallconst=SMALLCONST -pmediumconst=MEDIUMCONST -pconst=CONST \
  -AFARRAM=00h-00h \
  -prdata=COMRAM,nvrram=COMRAM,nvbit=COMRAM,rbss=COMRAM,rbit=COMRAM \
  -pfarbss=FARRAM,fardata=FARRAM,nvFARRAM=FARRAM \
  -pintsave_regs=BIGRAM,bigbss=BIGRAM,bigdata=BIGRAM -pbss=RAM \
  -pidata=CODE,irdata=CODE,ibigdata=CODE,ifardata=CODE -prparam=COMRAM \
  C:\Users\sergi\AppData\Local\Temp\xcAs23k.\driver_tmp_15.obj \
  dist/default/production\Lab5.X.production.obj 

Object code version is 3.11

Machine type is 18F4550



                Name                               Link     Load   Length Selector   Space Scale
C:\Users\sergi\AppData\Local\Temp\xcAs23k.\driver_tmp_15.obj
                idloc                            200000   200000        8        0       5
                config                           300000   300000        E        0       4
                init                                  E        E        4        4       0
                reset_vec                             0        0        4        0       0
dist/default/production\Lab5.X.production.obj
                intcode                               8        8        6        4       0
                idloc                            200000   200000        8        0       5
                config                           300000   300000        E        0       4
                temp                                 47       47        1        1       1
                smallconst                          800      800       DE      400       0
                text43                             199E     199E        E      CC8       0
                text42                             14E0     14E0       56      46F       0
                text41                             15D4     15D4       46      46F       0
                text40                             192C     192C       16      46F       0
                text39                             196A     196A       14      46F       0
                text38                             1916     1916       16      46F       0
                text37                             19E0     19E0        8      CC8       0
                text36                             17F8     17F8       32      46F       0
                text35                             19D8     19D8        8      CC8       0
                text34                             182A     182A       2E      46F       0
                text33                             178A     178A       38      46F       0
                text32                             1882     1882       28      46F       0
                text31                             10DA     10DA       E6      46F       0
                text30                             19D0     19D0        8      CC8       0
                text29                             1486     1486       5A      46F       0
                text28                             18C6     18C6       1C      46F       0
                text27                             1536     1536       52      46F       0
                text26                             161A     161A       42      46F       0
                text25                             19AC     19AC        C      CC8       0
                text24                              ED4      ED4      118      46F       0
                text23                             169C     169C       3E      46F       0
                intcode_body                        8DE      8DE      356      46F       0
                text21                             18AA     18AA       1C      46F       0
                text20                             1990     1990        E      CC8       0
                text19                             1428     1428       5E      46F       0
                text18                             1588     1588       4C      46F       0
                text17                             18FC     18FC       1A      46F       0
                text16                             13C8     13C8       60      46F       0
                text15                             1956     1956       14      46F       0
                text14                             1942     1942       14      46F       0
                text13                             132C     132C       9C      46F       0
                text12                             18E2     18E2       1A      46F       0
                text11                             165C     165C       40      46F       0
                text10                             19C8     19C8        8      CC8       0
                text9                              17C2     17C2       36      46F       0
                text8                              19C0     19C0        8      CC8       0
                text7                              11C0     11C0       B8      46F       0
                text6                              16DA     16DA       3C      46F       0
                text5                              1750     1750       3A      46F       0
                text4                              1858     1858       2A      46F       0
                text3                               FEC      FEC       EE      46F       0
                text2                              19B8     19B8        8      CC8       0
                text1                              1278     1278       B4      46F       0
                text0                               C34      C34      2A0      46F       0
                cstackCOMRAM                          1        1       22        1       1
                cstackBANK0                          60       60        F       60       1
                dataCOMRAM                           35       35       11        1       1
                bssCOMRAM                            23       23       12        1       1
                cinit                              1716     1716       3A      46F       0
                nvCOMRAM                             46       46        1        1       1
                idataCOMRAM                        197E     197E       11      46F       0

TOTAL           Name                               Link     Load   Length     Space
        CLASS   CODE           
                intcode                               8        8        6         0
                init                                  E        E        4         0
                reset_vec                             0        0        4         0
                text43                             199E     199E        E         0
                text42                             14E0     14E0       56         0
                text41                             15D4     15D4       46         0
                text40                             192C     192C       16         0
                text39                             196A     196A       14         0
                text38                             1916     1916       16         0
                text37                             19E0     19E0        8         0
                text36                             17F8     17F8       32         0
                text35                             19D8     19D8        8         0
                text34                             182A     182A       2E         0
                text33                             178A     178A       38         0
                text32                             1882     1882       28         0
                text31                             10DA     10DA       E6         0
                text30                             19D0     19D0        8         0
                text29                             1486     1486       5A         0
                text28                             18C6     18C6       1C         0
                text27                             1536     1536       52         0
                text26                             161A     161A       42         0
                text25                             19AC     19AC        C         0
                text24                              ED4      ED4      118         0
                text23                             169C     169C       3E         0
                intcode_body                        8DE      8DE      356         0
                text21                             18AA     18AA       1C         0
                text20                             1990     1990        E         0
                text19                             1428     1428       5E         0
                text18                             1588     1588       4C         0
                text17                             18FC     18FC       1A         0
                text16                             13C8     13C8       60         0
                text15                             1956     1956       14         0
                text14                             1942     1942       14         0
                text13                             132C     132C       9C         0
                text12                             18E2     18E2       1A         0
                text11                             165C     165C       40         0
                text10                             19C8     19C8        8         0
                text9                              17C2     17C2       36         0
                text8                              19C0     19C0        8         0
                text7                              11C0     11C0       B8         0
                text6                              16DA     16DA       3C         0
                text5                              1750     1750       3A         0
                text4                              1858     1858       2A         0
                text3                               FEC      FEC       EE         0
                text2                              19B8     19B8        8         0
                text1                              1278     1278       B4         0
                text0                               C34      C34      2A0         0
                cinit                              1716     1716       3A         0
                idataCOMRAM                        197E     197E       11         0

        CLASS   CONST          

        CLASS   SMALLCONST     
                smallconst                          800      800       DE         0

        CLASS   MEDIUMCONST    

        CLASS   COMRAM         
                temp                                 47       47        1         1
                cstackCOMRAM                          1        1       22         1
                dataCOMRAM                           35       35       11         1
                bssCOMRAM                            23       23       12         1
                nvCOMRAM                             46       46        1         1

        CLASS   ABS1           

        CLASS   BIGRAM         

        CLASS   RAM            

        CLASS   BANK0          
                cstackBANK0                          60       60        F         1

        CLASS   BANK1          

        CLASS   BANK2          

        CLASS   BANK3          

        CLASS   BANK4          

        CLASS   BANK5          

        CLASS   BANK6          

        CLASS   BANK7          

        CLASS   SFR            

        CLASS   BIGSFR         

        CLASS   CONFIG         
                config                           300000   300000        E         4

        CLASS   IDLOC          
                idloc                            200000   200000        8         5

        CLASS   EEDATA         

        CLASS   FARRAM         

        CLASS   HEAP           

        CLASS   STACK          



SEGMENTS        Name                           Load    Length   Top    Selector   Space  Class

                reset_vec                      000000  000004  000004         0       0  CODE    
                cstackCOMRAM                   000001  000047  000048         1       1  COMRAM  
                intcode                        000008  00000A  000012         4       0  CODE    
                cstackBANK0                    000060  00000F  00006F        60       1  BANK0   
                smallconst                     000800  0000DE  0008DE       400       0  SMALLCON
                intcode_body                   0008DE  0010B1  00198F       46F       0  CODE    
                text20                         001990  000058  0019E8       CC8       0  CODE    


UNUSED ADDRESS RANGES

        Name                Unused          Largest block    Delta
        BANK0            00006F-0000FF               91
        BANK1            000100-0001FF              100
        BANK2            000200-0002FF              100
        BANK3            000300-0003FF              100
        BANK4            000400-0004FF              100
        BANK5            000500-0005FF              100
        BANK6            000600-0006FF              100
        BANK7            000700-0007FF              100
        BIGRAM           000048-00005F               18
                         00006F-0007FF              791
        BIGSFR           000F60-000FFF               A0
        CODE             000004-000007                4
                         000012-0007FF              7EE
                         00198F-00198F                1
                         0019E8-007FFF             6618
        COMRAM           000048-00005F               18
        CONST            000004-000007                4
                         000012-0007FF              7EE
                         00198F-00198F                1
                         0019E8-007FFF             6618
        EEDATA           F00000-F000FF              100
        MEDIUMCONST      00198F-00198F                1
                         0019E8-007FFF             6618
        RAM              00006F-0007FF              100
        SFR              000F60-000FFF               A0
        SMALLCONST       00198F-00198F                1
                         0019E8-007FFF              100

                                  Symbol Table

?_Conversion                cstackCOMRAM 000001
?___lwdiv                   cstackCOMRAM 000001
?___lwmod                   cstackCOMRAM 000008
?_printf                    cstackCOMRAM 00000D
Bienvenida@i                cstackBANK0  00006B
ComandoLCD@a                cstackBANK0  000065
ConfiguraLCD@a              cstackBANK0  000060
Conversion@canal            cstackCOMRAM 000003
CrearCaracter@arreglo       cstackBANK0  000065
CrearCaracter@i             cstackBANK0  000067
CrearCaracter@posicionCGRAM cstackBANK0  000066
DireccionaLCD@a             cstackBANK0  000064
EnviaDato@a                 cstackBANK0  000063
EscribeLCD_c@a              cstackBANK0  000064
EscribeLCD_n8@a             cstackBANK0  00006C
EscribeLCD_n8@b             cstackBANK0  000068
EscribeLCD_n8@centena       cstackBANK0  000069
EscribeLCD_n8@decena        cstackBANK0  00006A
EscribeLCD_n8@unidad        cstackBANK0  00006B
MensajeLCD_Var@a            cstackBANK0  000065
MensajeLCD_Var@i            cstackBANK0  000067
RetardoLCD@a                cstackBANK0  000061
_ADCON0                     (abs)        000FC2
_ADCON1                     (abs)        000FC1
_ADCON2                     (abs)        000FC0
_ADON                       (abs)        007E10
_ADRES                      (abs)        000FC3
_BAUDCON                    (abs)        000FB8
_Bienvenida                 text7        0011C0
_BorraLCD                   text14       001942
_Borrar                     text34       00182A
_ComandoLCD                 text9        0017C2
_ConfigPregunta             text29       001486
_ConfigVariables            text6        0016DA
_ConfiguraLCD               text21       0018AA
_Conversion                 text28       0018C6
_CrearCaracter              text16       0013C8
_CursorAInicio              text10       0019C8
_DesplazaPantallaD          text15       001956
_DireccionaLCD              text17       0018FC
_EnviaDato                  text18       001588
_EscribeLCD_c               text12       0018E2
_EscribeLCD_n8              text3        000FEC
_Estrella                   dataCOMRAM   00003E
_GIE                        (abs)        007F97
_GO_DONE                    (abs)        007E11
_HabilitaLCD                text20       001990
_ISR                        intcode      000008
_InicializaLCD              text13       00132C
_LATA1                      (abs)        007C49
_LATA2                      (abs)        007C4A
_LATA3                      (abs)        007C4B
_LATA4                      (abs)        007C4C
_LATA5                      (abs)        007C4D
_LATB                       (abs)        000F8A
_LATC2                      (abs)        007C5A
_LATD                       (abs)        000F8C
_LATE                       (abs)        000F8D
_Marco                      dataCOMRAM   000036
_MensajeLCD_Var             text11       00165C
_MostrarCursor              text2        0019B8
_OcultarCursor              text8        0019C0
_PEIE                       (abs)        007F96
_POR                        (abs)        007E81
_PORTB                      (abs)        000F81
_PreguntaAlUsuario          text1        001278
_RB4                        (abs)        007C0C
_RB5                        (abs)        007C0D
_RB6                        (abs)        007C0E
_RB7                        (abs)        007C0F
_RBIE                       (abs)        007F93
_RBIF                       (abs)        007F90
_RBPU                       (abs)        007F8F
_RC1                        (abs)        007C11
_RCIE                       (abs)        007CED
_RCIF                       (abs)        007CF5
_RCREG                      (abs)        000FAE
_RCSTA                      (abs)        000FAB
_RCSTAbits                  (abs)        000FAB
_RetardoLCD                 text19       001428
_SPBRG                      (abs)        000FAF
_T0CON                      (abs)        000FD5
_T1CON                      (abs)        000FCD
_TMR0                       (abs)        000FD6
_TMR0IE                     (abs)        007F95
_TMR0IF                     (abs)        007F92
_TMR0ON                     (abs)        007EAF
_TMR1                       (abs)        000FCE
_TMR1IE                     (abs)        007CE8
_TMR1IF                     (abs)        007CF0
_TMR1ON                     (abs)        007E68
_TRISA1                     (abs)        007C91
_TRISA2                     (abs)        007C92
_TRISA3                     (abs)        007C93
_TRISA4                     (abs)        007C94
_TRISA5                     (abs)        007C95
_TRISB                      (abs)        000F93
_TRISC1                     (abs)        007CA1
_TRISC2                     (abs)        007CA2
_TRISC6                     (abs)        007CA6
_TRISC7                     (abs)        007CA7
_TRISD                      (abs)        000F95
_TRISE                      (abs)        000F96
_TRMT                       (abs)        007D61
_TXREG                      (abs)        000FAD
_TXSTA                      (abs)        000FAC
__HRAM                      (abs)        000000
__H__absolute__             __absolute__ 000000
__Habs1                     abs1         000000
__Hbank0                    bank0        000000
__Hbank1                    bank1        000000
__Hbank2                    bank2        000000
__Hbank3                    bank3        000000
__Hbank4                    bank4        000000
__Hbank5                    bank5        000000
__Hbank6                    bank6        000000
__Hbank7                    bank7        000000
__Hbigbss                   bigbss       000000
__Hbigdata                  bigdata      000000
__Hbigram                   bigram       000000
__Hbigsfr                   bigsfr       000000
__Hbss                      bss          000000
__HbssCOMRAM                bssCOMRAM    000000
__Hcinit                    cinit        000000
__Hclrtext                  clrtext      000000
__Hcomram                   comram       000000
__Hconfig                   config       30000E
__Hconst                    const        000000
__HcstackBANK0              cstackBANK0  000000
__HcstackCOMRAM             cstackCOMRAM 000000
__Hdata                     data         000000
__HdataCOMRAM               dataCOMRAM   000000
__Heeprom_data              eeprom_data  000000
__Hfarbss                   farbss       000000
__Hfardata                  fardata      000000
__Hheap                     heap         000000
__Hibigdata                 ibigdata     000000
__Hidata                    idata        000000
__HidataCOMRAM              idataCOMRAM  000000
__Hidloc                    idloc        200008
__Hifardata                 ifardata     000000
__Hinit                     init         000012
__Hintcode                  intcode      00000E
__Hintcode_body             intcode_body 000000
__Hintcodelo                intcodelo    00000E
__Hintentry                 intentry     000000
__Hintret                   intret       000000
__Hintsave_regs             intsave_regs 000000
__Hirdata                   irdata       000000
__Hmediumconst              mediumconst  000000
__HnvCOMRAM                 nvCOMRAM     000000
__HnvFARRAM                 nvFARRAM     000000
__Hnvbit                    nvbit        000000
__Hnvrram                   nvrram       000000
__Hparam                    rparam       000000
__Hpowerup                  powerup      00000E
__Hram                      ram          000000
__Hramtop                   ramtop       000800
__Hrbit                     rbit         000000
__Hrbss                     rbss         000000
__Hrdata                    rdata        000000
__Hreset_vec                reset_vec    000004
__Hrparam                   rparam       000000
__Hsfr                      sfr          000000
__Hsivt_hi                  sivt_hi      000000
__Hsivt_lo                  sivt_lo      000000
__Hsmallconst               smallconst   0008DE
__Hspace_0                  (abs)        0019E8
__Hspace_1                  (abs)        00006F
__Hspace_2                  (abs)        000000
__Hspace_4                  (abs)        60000E
__Hstack                    stack        000000
__Hstruct                   struct       000000
__Htemp                     temp         000048
__Htext                     text         000000
__Htext0                    text0        000000
__Htext1                    text1        000000
__Htext10                   text10       000000
__Htext11                   text11       000000
__Htext12                   text12       000000
__Htext13                   text13       000000
__Htext14                   text14       000000
__Htext15                   text15       000000
__Htext16                   text16       000000
__Htext17                   text17       000000
__Htext18                   text18       000000
__Htext19                   text19       000000
__Htext2                    text2        000000
__Htext20                   text20       000000
__Htext21                   text21       000000
__Htext23                   text23       000000
__Htext24                   text24       000000
__Htext25                   text25       000000
__Htext26                   text26       000000
__Htext27                   text27       000000
__Htext28                   text28       000000
__Htext29                   text29       000000
__Htext3                    text3        000000
__Htext30                   text30       000000
__Htext31                   text31       000000
__Htext32                   text32       000000
__Htext33                   text33       000000
__Htext34                   text34       000000
__Htext35                   text35       000000
__Htext36                   text36       000000
__Htext37                   text37       000000
__Htext38                   text38       000000
__Htext39                   text39       000000
__Htext4                    text4        000000
__Htext40                   text40       000000
__Htext41                   text41       000000
__Htext42                   text42       000000
__Htext43                   text43       000000
__Htext5                    text5        000000
__Htext6                    text6        000000
__Htext7                    text7        000000
__Htext8                    text8        000000
__Htext9                    text9        000000
__LRAM                      (abs)        000001
__L__absolute__             __absolute__ 000000
__Labs1                     abs1         000000
__Lbank0                    bank0        000000
__Lbank1                    bank1        000000
__Lbank2                    bank2        000000
__Lbank3                    bank3        000000
__Lbank4                    bank4        000000
__Lbank5                    bank5        000000
__Lbank6                    bank6        000000
__Lbank7                    bank7        000000
__Lbigbss                   bigbss       000000
__Lbigdata                  bigdata      000000
__Lbigram                   bigram       000000
__Lbigsfr                   bigsfr       000000
__Lbss                      bss          000000
__LbssCOMRAM                bssCOMRAM    000000
__Lcinit                    cinit        000000
__Lclrtext                  clrtext      000000
__Lcomram                   comram       000000
__Lconfig                   config       000000
__Lconst                    const        000000
__LcstackBANK0              cstackBANK0  000000
__LcstackCOMRAM             cstackCOMRAM 000000
__Ldata                     data         000000
__LdataCOMRAM               dataCOMRAM   000000
__Leeprom_data              eeprom_data  000000
__Lfarbss                   farbss       000000
__Lfardata                  fardata      000000
__Lheap                     heap         000000
__Libigdata                 ibigdata     000000
__Lidata                    idata        000000
__LidataCOMRAM              idataCOMRAM  000000
__Lidloc                    idloc        000000
__Lifardata                 ifardata     000000
__Linit                     init         00000E
__Lintcode                  intcode      000008
__Lintcode_body             intcode_body 000000
__Lintcodelo                intcodelo    00000E
__Lintentry                 intentry     000000
__Lintret                   intret       000000
__Lintsave_regs             intsave_regs 000000
__Lirdata                   irdata       000000
__Lmediumconst              mediumconst  000000
__LnvCOMRAM                 nvCOMRAM     000000
__LnvFARRAM                 nvFARRAM     000000
__Lnvbit                    nvbit        000000
__Lnvrram                   nvrram       000000
__Lparam                    rparam       000000
__Lpowerup                  powerup      00000E
__Lram                      ram          000000
__Lramtop                   ramtop       000800
__Lrbit                     rbit         000000
__Lrbss                     rbss         000000
__Lrdata                    rdata        000000
__Lreset_vec                reset_vec    000000
__Lrparam                   rparam       000000
__Lsfr                      sfr          000000
__Lsivt_hi                  sivt_hi      000000
__Lsivt_lo                  sivt_lo      000000
__Lsmallconst               smallconst   000800
__Lspace_0                  (abs)        000000
__Lspace_1                  (abs)        000000
__Lspace_2                  (abs)        000000
__Lspace_4                  (abs)        000000
__Lstack                    stack        000000
__Lstruct                   struct       000000
__Ltemp                     temp         000047
__Ltext                     text         000000
__Ltext0                    text0        000000
__Ltext1                    text1        000000
__Ltext10                   text10       000000
__Ltext11                   text11       000000
__Ltext12                   text12       000000
__Ltext13                   text13       000000
__Ltext14                   text14       000000
__Ltext15                   text15       000000
__Ltext16                   text16       000000
__Ltext17                   text17       000000
__Ltext18                   text18       000000
__Ltext19                   text19       000000
__Ltext2                    text2        000000
__Ltext20                   text20       000000
__Ltext21                   text21       000000
__Ltext23                   text23       000000
__Ltext24                   text24       000000
__Ltext25                   text25       000000
__Ltext26                   text26       000000
__Ltext27                   text27       000000
__Ltext28                   text28       000000
__Ltext29                   text29       000000
__Ltext3                    text3        000000
__Ltext30                   text30       000000
__Ltext31                   text31       000000
__Ltext32                   text32       000000
__Ltext33                   text33       000000
__Ltext34                   text34       000000
__Ltext35                   text35       000000
__Ltext36                   text36       000000
__Ltext37                   text37       000000
__Ltext38                   text38       000000
__Ltext39                   text39       000000
__Ltext4                    text4        000000
__Ltext40                   text40       000000
__Ltext41                   text41       000000
__Ltext42                   text42       000000
__Ltext43                   text43       000000
__Ltext5                    text5        000000
__Ltext6                    text6        000000
__Ltext7                    text7        000000
__Ltext8                    text8        000000
__Ltext9                    text9        000000
__S0                        (abs)        0019E8
__S1                        (abs)        00006F
__S4                        (abs)        000000
__S5                        (abs)        000000
___heap_hi                  (abs)        000000
___heap_lo                  (abs)        000000
___inthi_sp                 stack        000000
___inthi_stack_hi           stack        000000
___inthi_stack_lo           stack        000000
___intlo_sp                 stack        000000
___intlo_stack_hi           stack        000000
___intlo_stack_lo           stack        000000
___lbdiv                    text5        001750
___lbdiv@counter            cstackBANK0  000066
___lbdiv@dividend           cstackBANK0  000065
___lbdiv@divisor            cstackBANK0  000064
___lbdiv@quotient           cstackBANK0  000067
___lbmod                    text4        001858
___lbmod@counter            cstackBANK0  000062
___lbmod@dividend           cstackBANK0  000061
___lbmod@divisor            cstackBANK0  000060
___lbmod@rem                cstackBANK0  000063
___lwdiv                    text27       001536
___lwdiv@counter            cstackCOMRAM 000007
___lwdiv@dividend           cstackCOMRAM 000001
___lwdiv@divisor            cstackCOMRAM 000003
___lwdiv@quotient           cstackCOMRAM 000005
___lwmod                    text26       00161A
___lwmod@counter            cstackCOMRAM 00000C
___lwmod@dividend           cstackCOMRAM 000008
___lwmod@divisor            cstackCOMRAM 00000A
___param_bank               (abs)        000000
___rparam_used              (abs)        000001
___sp                       stack        000000
___stack_hi                 stack        000000
___stack_lo                 stack        000000
__accesstop                 (abs)        000060
__activetblptr              (abs)        000002
__end_of_Bienvenida         text7        001278
__end_of_BorraLCD           text14       001956
__end_of_Borrar             text34       001858
__end_of_ComandoLCD         text9        0017F8
__end_of_ConfigPregunta     text29       0014E0
__end_of_ConfigVariables    text6        001716
__end_of_ConfiguraLCD       text21       0018C6
__end_of_Conversion         text28       0018E2
__end_of_CrearCaracter      text16       001428
__end_of_CursorAInicio      text10       0019D0
__end_of_DesplazaPantallaD  text15       00196A
__end_of_DireccionaLCD      text17       001916
__end_of_EnviaDato          text18       0015D4
__end_of_EscribeLCD_c       text12       0018FC
__end_of_EscribeLCD_n8      text3        0010DA
__end_of_HabilitaLCD        text20       00199E
__end_of_ISR                intcode_body 000C34
__end_of_InicializaLCD      text13       0013C8
__end_of_MensajeLCD_Var     text11       00169C
__end_of_MostrarCursor      text2        0019C0
__end_of_OcultarCursor      text8        0019C8
__end_of_PreguntaAlUsuario  text1        00132C
__end_of_RetardoLCD         text19       001486
__end_of___lbdiv            text5        00178A
__end_of___lbmod            text4        001882
__end_of___lwdiv            text27       001588
__end_of___lwmod            text26       00165C
__end_of__initialization    cinit        001742
__end_of_dpowers            smallconst   00080B
__end_of_main               text0        000ED4
__end_of_printf             text24       000FEC
__end_of_putch              text25       0019B8
__end_ofi2_BorraLCD         text39       00197E
__end_ofi2_ComandoLCD       text36       00182A
__end_ofi2_CursorAInicio    text37       0019E8
__end_ofi2_DireccionaLCD    text38       00192C
__end_ofi2_EnviaDato        text41       00161A
__end_ofi2_EscribeLCD_c     text40       001942
__end_ofi2_EscribeLCD_n8    text31       0011C0
__end_ofi2_HabilitaLCD      text43       0019AC
__end_ofi2_MensajeLCD_Var   text23       0016DA
__end_ofi2_MostrarCursor    text35       0019E0
__end_ofi2_OcultarCursor    text30       0019D8
__end_ofi2_RetardoLCD       text42       001536
__end_ofi2___lbdiv          text33       0017C2
__end_ofi2___lbmod          text32       0018AA
__initialization            cinit        001716
__mediumconst               mediumconst  000000
__pbssCOMRAM                bssCOMRAM    000023
__pcinit                    cinit        001716
__pcstackBANK0              cstackBANK0  000060
__pcstackCOMRAM             cstackCOMRAM 000001
__pdataCOMRAM               dataCOMRAM   000035
__pidataCOMRAM              idataCOMRAM  00197E
__pintcode                  intcode      000008
__pintcode_body             intcode_body 0008DE
__pnvCOMRAM                 nvCOMRAM     000046
__psmallconst               smallconst   000800
__ptext0                    text0        000C34
__ptext1                    text1        001278
__ptext10                   text10       0019C8
__ptext11                   text11       00165C
__ptext12                   text12       0018E2
__ptext13                   text13       00132C
__ptext14                   text14       001942
__ptext15                   text15       001956
__ptext16                   text16       0013C8
__ptext17                   text17       0018FC
__ptext18                   text18       001588
__ptext19                   text19       001428
__ptext2                    text2        0019B8
__ptext20                   text20       001990
__ptext21                   text21       0018AA
__ptext23                   text23       00169C
__ptext24                   text24       000ED4
__ptext25                   text25       0019AC
__ptext26                   text26       00161A
__ptext27                   text27       001536
__ptext28                   text28       0018C6
__ptext29                   text29       001486
__ptext3                    text3        000FEC
__ptext30                   text30       0019D0
__ptext31                   text31       0010DA
__ptext32                   text32       001882
__ptext33                   text33       00178A
__ptext34                   text34       00182A
__ptext35                   text35       0019D8
__ptext36                   text36       0017F8
__ptext37                   text37       0019E0
__ptext38                   text38       001916
__ptext39                   text39       00196A
__ptext4                    text4        001858
__ptext40                   text40       00192C
__ptext41                   text41       0015D4
__ptext42                   text42       0014E0
__ptext43                   text43       00199E
__ptext5                    text5        001750
__ptext6                    text6        0016DA
__ptext7                    text7        0011C0
__ptext8                    text8        0019C0
__ptext9                    text9        0017C2
__ramtop                    ramtop       000800
__smallconst                smallconst   000800
_adcValor                   bssCOMRAM    000023
_decenasRGB                 bssCOMRAM    000027
_dpowers                    smallconst   000801
_flagConteoActivo           bssCOMRAM    000032
_indiceDigitoObjetivo       bssCOMRAM    000034
_interfaz                   dataCOMRAM   000035
_main                       text0        000C34
_modoEdicionObjetivo        bssCOMRAM    000033
_ordenMotor                 bssCOMRAM    00002D
_paradaEmergencia           bssCOMRAM    00002E
_piezasObjetivo             bssCOMRAM    000025
_piezasTotalesContadas      bssCOMRAM    00002B
_printf                     text24       000ED4
_pulsadorListo              nvCOMRAM     000046
_putch                      text25       0019AC
_rxByte                     bssCOMRAM    00002F
_segundosSinActividad       bssCOMRAM    000030
_teclaLeida                 bssCOMRAM    000031
_unidades7Seg               bssCOMRAM    000029
btemp                       temp         000047
end_of_initialization       cinit        001742
i2ComandoLCD@a              cstackCOMRAM 000006
i2DireccionaLCD@a           cstackCOMRAM 000005
i2EnviaDato@a               cstackCOMRAM 000004
i2EscribeLCD_c@a            cstackCOMRAM 000005
i2EscribeLCD_n8@a           cstackCOMRAM 00000D
i2EscribeLCD_n8@b           cstackCOMRAM 000009
i2EscribeLCD_n8@centena     cstackCOMRAM 00000A
i2EscribeLCD_n8@decena      cstackCOMRAM 00000B
i2EscribeLCD_n8@unidad      cstackCOMRAM 00000C
i2MensajeLCD_Var@a          cstackCOMRAM 000006
i2MensajeLCD_Var@i          cstackCOMRAM 000008
i2RetardoLCD@a              cstackCOMRAM 000002
i2_BorraLCD                 text39       00196A
i2_ComandoLCD               text36       0017F8
i2_CursorAInicio            text37       0019E0
i2_DireccionaLCD            text38       001916
i2_EnviaDato                text41       0015D4
i2_EscribeLCD_c             text40       00192C
i2_EscribeLCD_n8            text31       0010DA
i2_HabilitaLCD              text43       00199E
i2_MensajeLCD_Var           text23       00169C
i2_MostrarCursor            text35       0019D8
i2_OcultarCursor            text30       0019D0
i2_RetardoLCD               text42       0014E0
i2___lbdiv                  text33       00178A
i2___lbdiv@counter          cstackCOMRAM 000007
i2___lbdiv@dividend         cstackCOMRAM 000006
i2___lbdiv@divisor          cstackCOMRAM 000005
i2___lbdiv@quotient         cstackCOMRAM 000008
i2___lbmod                  text32       001882
i2___lbmod@counter          cstackCOMRAM 000003
i2___lbmod@dividend         cstackCOMRAM 000002
i2___lbmod@divisor          cstackCOMRAM 000001
i2___lbmod@rem              cstackCOMRAM 000004
int$flags                   temp         000047
int_func                    intcode_body 0008DE
intlevel0                   text         000000
intlevel1                   text         000000
intlevel2                   text         000000
intlevel3                   text         000000
isa$std                     (abs)        000001
isa$xinst                   (abs)        000000
printf@ap                   cstackCOMRAM 000011
printf@c                    cstackCOMRAM 000016
printf@f                    cstackCOMRAM 00000D
printf@flag                 cstackCOMRAM 000012
printf@prec                 cstackCOMRAM 000013
printf@val                  cstackCOMRAM 000014
putch@data                  cstackCOMRAM 000001
stackhi                     (abs)        000000
stacklo                     (abs)        000000
start                       init         00000E
start_initialization        cinit        001716
ttemp5                      temp         000048
ttemp6                      temp         00004B
ttemp7                      temp         00004F
wtemp8                      temp         000048


MODULE INFORMATION

Module		Function		Class		Link	Load	Size
C:\Program Files\Microchip\xc8\v2.50\pic\sources\c90\common\lbdiv.c
		___lbdiv       		CODE           	1750	0000	58

C:\Program Files\Microchip\xc8\v2.50\pic\sources\c90\common\lbdiv.c estimated size: 58

C:\Program Files\Microchip\xc8\v2.50\pic\sources\c90\common\doprnt.c
		_printf        		CODE           	0ED4	0000	280

C:\Program Files\Microchip\xc8\v2.50\pic\sources\c90\common\doprnt.c estimated size: 280

C:\Program Files\Microchip\xc8\v2.50\pic\sources\c90\common\lwmod.c
		___lwmod       		CODE           	161A	0000	66

C:\Program Files\Microchip\xc8\v2.50\pic\sources\c90\common\lwmod.c estimated size: 66

Lab5.c
		_ISR           		CODE           	0008	0000	860
		_putch         		CODE           	19AC	0000	12
		_main          		CODE           	0C34	0000	672
		_ConfigPregunta		CODE           	1486	0000	90
		_Bienvenida    		CODE           	11C0	0000	184
		_PreguntaAlUsuario		CODE           	1278	0000	180
		_Borrar        		CODE           	182A	0000	46
		_Conversion    		CODE           	18C6	0000	28
		_ConfigVariables		CODE           	16DA	0000	60

Lab5.c estimated size: 2132

LibLCDXC8_1.h
		_DireccionaLCD 		CODE           	18FC	0000	26
		_InicializaLCD 		CODE           	132C	0000	156
		_EnviaDato     		CODE           	1588	0000	76
		_DesplazaPantallaD		CODE           	1956	0000	20
		_CursorAInicio 		CODE           	19C8	0000	8
		_OcultarCursor 		CODE           	19C0	0000	8
		_CrearCaracter 		CODE           	13C8	0000	96
		_MensajeLCD_Var		CODE           	165C	0000	64
		_EscribeLCD_c  		CODE           	18E2	0000	26
		_HabilitaLCD   		CODE           	1990	0000	14
		_EscribeLCD_n8 		CODE           	0FEC	0000	238
		_ConfiguraLCD  		CODE           	18AA	0000	28
		_MostrarCursor 		CODE           	19B8	0000	8
		_BorraLCD      		CODE           	1942	0000	20
		_RetardoLCD    		CODE           	1428	0000	94
		_ComandoLCD    		CODE           	17C2	0000	54

LibLCDXC8_1.h estimated size: 936

C:\Program Files\Microchip\xc8\v2.50\pic\sources\c90\common\lwdiv.c
		___lwdiv       		CODE           	1536	0000	82

C:\Program Files\Microchip\xc8\v2.50\pic\sources\c90\common\lwdiv.c estimated size: 82

shared
		i2_MensajeLCD_Var		CODE           	169C	0000	62
		i2___lbdiv     		CODE           	178A	0000	56
		i2___lbmod     		CODE           	1882	0000	40
		_dpowers       		SMALLCONST     	0801	0000	10
		i2_MostrarCursor		CODE           	19D8	0000	8
		i2_EscribeLCD_c		CODE           	192C	0000	22
		i2_OcultarCursor		CODE           	19D0	0000	8
		i2_EnviaDato   		CODE           	15D4	0000	70
		i2_EscribeLCD_n8		CODE           	10DA	0000	230
		__initialization		CODE           	1716	0000	44
		i2_DireccionaLCD		CODE           	1916	0000	22
		i2_HabilitaLCD 		CODE           	199E	0000	14
		i2_BorraLCD    		CODE           	196A	0000	20
		i2_RetardoLCD  		CODE           	14E0	0000	86
		i2_CursorAInicio		CODE           	19E0	0000	8
		i2_ComandoLCD  		CODE           	17F8	0000	50

shared estimated size: 750

C:\Program Files\Microchip\xc8\v2.50\pic\sources\c90\common\lbmod.c
		___lbmod       		CODE           	1858	0000	42

C:\Program Files\Microchip\xc8\v2.50\pic\sources\c90\common\lbmod.c estimated size: 42

